// Jest Snapshot v1, https://goo.gl/fbAQLP

exports[`<Results /> renders to the page 1`] = `
<Fragment>
  <div
    className="results"
  >
    <pre>
      {
  "things": "hello"
}
    </pre>
    <pre>
      {
  "stuff": "stuff"
}
    </pre>
  </div>
</Fragment>
`;
